'http://archive.ubuntu.com/ubuntu/pool/main/g/gdbm/libgdbm3_1.8.3-13.1_amd64.deb' libgdbm3_1.8.3-13.1_amd64.deb 16926 MD5Sum:b2001800d7c61d4b0b12b077a0af2b5a
'http://archive.ubuntu.com/ubuntu/pool/main/libn/libnfnetlink/libnfnetlink0_1.0.1-3_amd64.deb' libnfnetlink0_1.0.1-3_amd64.deb 13262 MD5Sum:914d0640e09dd02057d0fd09f3da0eb5
'http://archive.ubuntu.com/ubuntu/pool/main/s/sgml-base/sgml-base_1.26+nmu4ubuntu1_all.deb' sgml-base_1.26+nmu4ubuntu1_all.deb 12522 MD5Sum:c0b66a92d49691657b38b25d632b0495
'http://archive.ubuntu.com/ubuntu/pool/main/u/util-linux/uuid-runtime_2.27.1-6ubuntu3_amd64.deb' uuid-runtime_2.27.1-6ubuntu3_amd64.deb 26476 MD5Sum:14c50e0db23c0f11984ff9256984ab35
'http://archive.ubuntu.com/ubuntu/pool/main/f/fonts-lato/fonts-lato_2.0-1_all.deb' fonts-lato_2.0-1_all.deb 2693084 MD5Sum:c0eaf6b20f25cd3d9ad129efcb0fe7f1
'http://archive.ubuntu.com/ubuntu/pool/main/l/language-pack-de-base/language-pack-de-base_16.04+20160415_all.deb' language-pack-de-base_1%3a16.04+20160415_all.deb 2715430 MD5Sum:41d265dfe463e25d3d6d3045c6c9976c
'http://archive.ubuntu.com/ubuntu/pool/main/l/language-pack-de/language-pack-de_16.04+20160415_all.deb' language-pack-de_1%3a16.04+20160415_all.deb 1810 MD5Sum:e78424af766034c88ea91af7fa61a7aa
'http://archive.ubuntu.com/ubuntu/pool/main/libi/libiscsi/libiscsi2_1.12.0-2_amd64.deb' libiscsi2_1.12.0-2_amd64.deb 51550 MD5Sum:6c8f4a397968e478e9567785bba4283e
'http://archive.ubuntu.com/ubuntu/pool/universe/libn/libnetfilter-log/libnetfilter-log1_1.0.1-1.1_amd64.deb' libnetfilter-log1_1.0.1-1.1_amd64.deb 9558 MD5Sum:e3d0849b5094d7e215bb6bb2c7f8cdc1
'http://archive.ubuntu.com/ubuntu/pool/main/liby/libyaml/libyaml-0-2_0.1.6-3_amd64.deb' libyaml-0-2_0.1.6-3_amd64.deb 47596 MD5Sum:d5e5f5f176ebfe25ccb22965431bfe38
'http://archive.ubuntu.com/ubuntu/pool/main/p/perl/perl-modules-5.22_5.22.1-9_all.deb' perl-modules-5.22_5.22.1-9_all.deb 2640598 MD5Sum:71fb658af2eeaedbe87494cf511a0c92
'http://archive.ubuntu.com/ubuntu/pool/main/p/perl/libperl5.22_5.22.1-9_amd64.deb' libperl5.22_5.22.1-9_amd64.deb 3370548 MD5Sum:37c5a3fd13de2e1fbe0568aceb4ff043
'http://archive.ubuntu.com/ubuntu/pool/main/p/perl/perl_5.22.1-9_amd64.deb' perl_5.22.1-9_amd64.deb 237264 MD5Sum:a4b787e5cf0a032822bc486ace90cdad
'http://archive.ubuntu.com/ubuntu/pool/universe/libn/libnetfilter-acct/libnetfilter-acct1_1.0.2-1.1_amd64.deb' libnetfilter-acct1_1.0.2-1.1_amd64.deb 5790 MD5Sum:14eb95d4aa5e13e6540519c513ea8e57
'http://archive.ubuntu.com/ubuntu/pool/main/a/apparmor/libapparmor-perl_2.10.95-0ubuntu2_amd64.deb' libapparmor-perl_2.10.95-0ubuntu2_amd64.deb 31570 MD5Sum:1039c46bd2ebd8ce9eed59ae4dcbc8a2
'http://archive.ubuntu.com/ubuntu/pool/main/a/apparmor/apparmor_2.10.95-0ubuntu2_amd64.deb' apparmor_2.10.95-0ubuntu2_amd64.deb 444848 MD5Sum:8c5b306e1aba05418ab7902f70116f6b
'http://archive.ubuntu.com/ubuntu/pool/main/b/busybox/busybox-static_1.22.0-15ubuntu1_amd64.deb' busybox-static_1%3a1.22.0-15ubuntu1_amd64.deb 869562 MD5Sum:19106e3aa872953b2b06e4feae123fa3
'http://archive.ubuntu.com/ubuntu/pool/main/o/openssl/openssl_1.0.2g-1ubuntu4.1_amd64.deb' openssl_1.0.2g-1ubuntu4.1_amd64.deb 491454 MD5Sum:2116e226edb78b4aebf2128dd7c602f4
'http://archive.ubuntu.com/ubuntu/pool/main/c/ca-certificates/ca-certificates_20160104ubuntu1_all.deb' ca-certificates_20160104ubuntu1_all.deb 190566 MD5Sum:e1a90cea554ba59a3ba82915871591ef
'http://archive.ubuntu.com/ubuntu/pool/main/libc/libcap-ng/libcap-ng0_0.7.7-1_amd64.deb' libcap-ng0_0.7.7-1_amd64.deb 10914 MD5Sum:498c831b80765584fddc822046a0b07f
'http://archive.ubuntu.com/ubuntu/pool/main/d/dbus/libdbus-1-3_1.10.6-1ubuntu3_amd64.deb' libdbus-1-3_1.10.6-1ubuntu3_amd64.deb 161280 MD5Sum:6113aaa9d5053c04ad00fe5ba16db9e7
'http://archive.ubuntu.com/ubuntu/pool/main/d/dbus/dbus_1.10.6-1ubuntu3_amd64.deb' dbus_1.10.6-1ubuntu3_amd64.deb 141394 MD5Sum:6f7e55eb2bbaaba499806551a30a27b9
'http://archive.ubuntu.com/ubuntu/pool/main/i/iptables/iptables_1.6.0-2ubuntu3_amd64.deb' iptables_1.6.0-2ubuntu3_amd64.deb 265782 MD5Sum:706f191cbb20bff7c7a9a0fc01a78c25
'http://archive.ubuntu.com/ubuntu/pool/main/h/heimdal/libroken18-heimdal_1.7~git20150920+dfsg-4ubuntu1_amd64.deb' libroken18-heimdal_1.7~git20150920+dfsg-4ubuntu1_amd64.deb 41190 MD5Sum:58c4093551f88ccca3c6c8a11d5e2357
'http://archive.ubuntu.com/ubuntu/pool/main/h/heimdal/libasn1-8-heimdal_1.7~git20150920+dfsg-4ubuntu1_amd64.deb' libasn1-8-heimdal_1.7~git20150920+dfsg-4ubuntu1_amd64.deb 174366 MD5Sum:42aa97710227f6c372d232799fde6790
'http://archive.ubuntu.com/ubuntu/pool/main/h/heimdal/libhcrypto4-heimdal_1.7~git20150920+dfsg-4ubuntu1_amd64.deb' libhcrypto4-heimdal_1.7~git20150920+dfsg-4ubuntu1_amd64.deb 84938 MD5Sum:d6337d57fa1dda2c877a9f1c163ba0dd
'http://archive.ubuntu.com/ubuntu/pool/main/h/heimdal/libheimbase1-heimdal_1.7~git20150920+dfsg-4ubuntu1_amd64.deb' libheimbase1-heimdal_1.7~git20150920+dfsg-4ubuntu1_amd64.deb 29228 MD5Sum:15a7c7d180f14253f46d5e56409a0ffb
'http://archive.ubuntu.com/ubuntu/pool/main/h/heimdal/libwind0-heimdal_1.7~git20150920+dfsg-4ubuntu1_amd64.deb' libwind0-heimdal_1.7~git20150920+dfsg-4ubuntu1_amd64.deb 48180 MD5Sum:7e368713a6d03afb23a8f956a16b9ba7
'http://archive.ubuntu.com/ubuntu/pool/main/h/heimdal/libhx509-5-heimdal_1.7~git20150920+dfsg-4ubuntu1_amd64.deb' libhx509-5-heimdal_1.7~git20150920+dfsg-4ubuntu1_amd64.deb 107192 MD5Sum:b2b294bd3d2226f10c69058900323876
'http://archive.ubuntu.com/ubuntu/pool/main/h/heimdal/libkrb5-26-heimdal_1.7~git20150920+dfsg-4ubuntu1_amd64.deb' libkrb5-26-heimdal_1.7~git20150920+dfsg-4ubuntu1_amd64.deb 202156 MD5Sum:000a329b39ae158d0ec280957741b14d
'http://archive.ubuntu.com/ubuntu/pool/main/h/heimdal/libheimntlm0-heimdal_1.7~git20150920+dfsg-4ubuntu1_amd64.deb' libheimntlm0-heimdal_1.7~git20150920+dfsg-4ubuntu1_amd64.deb 15090 MD5Sum:6f7a32beb2a3a04181c05efe940df1ee
'http://archive.ubuntu.com/ubuntu/pool/main/h/heimdal/libgssapi3-heimdal_1.7~git20150920+dfsg-4ubuntu1_amd64.deb' libgssapi3-heimdal_1.7~git20150920+dfsg-4ubuntu1_amd64.deb 96084 MD5Sum:0c9467b00d258e3175addbb5a16fdc72
'http://archive.ubuntu.com/ubuntu/pool/main/c/cyrus-sasl2/libsasl2-modules-db_2.1.26.dfsg1-14build1_amd64.deb' libsasl2-modules-db_2.1.26.dfsg1-14build1_amd64.deb 14458 MD5Sum:08577afddd24ee2e6fce4ff455653081
'http://archive.ubuntu.com/ubuntu/pool/main/c/cyrus-sasl2/libsasl2-2_2.1.26.dfsg1-14build1_amd64.deb' libsasl2-2_2.1.26.dfsg1-14build1_amd64.deb 48708 MD5Sum:af15d7b37cbdfc4c413273c5225a67a6
'http://archive.ubuntu.com/ubuntu/pool/main/o/openldap/libldap-2.4-2_2.4.42+dfsg-2ubuntu3.1_amd64.deb' libldap-2.4-2_2.4.42+dfsg-2ubuntu3.1_amd64.deb 160630 MD5Sum:bfb7d8edf8289d8f01742469420efe37
'http://archive.ubuntu.com/ubuntu/pool/main/r/rtmpdump/librtmp1_2.4+20151223.gitfa8646d-1build1_amd64.deb' librtmp1_2.4+20151223.gitfa8646d-1build1_amd64.deb 53892 MD5Sum:8b0bf8b00890590f67fba42b8050de2d
'http://archive.ubuntu.com/ubuntu/pool/main/c/curl/libcurl3-gnutls_7.47.0-1ubuntu2_amd64.deb' libcurl3-gnutls_7.47.0-1ubuntu2_amd64.deb 183018 MD5Sum:db4e04654b6777f394af3523f12a64c7
'http://archive.ubuntu.com/ubuntu/pool/main/f/fuse/libfuse2_2.9.4-1ubuntu3_amd64.deb' libfuse2_2.9.4-1ubuntu3_amd64.deb 89718 MD5Sum:6376933adfc547ee80a1fef52de4b3f4
'http://archive.ubuntu.com/ubuntu/pool/main/g/glib2.0/libglib2.0-0_2.48.0-1ubuntu4_amd64.deb' libglib2.0-0_2.48.0-1ubuntu4_amd64.deb 1116768 MD5Sum:d5703fe070dd0fe2f17fdf3858ff2e4e
'http://archive.ubuntu.com/ubuntu/pool/main/g/glib2.0/libglib2.0-data_2.48.0-1ubuntu4_all.deb' libglib2.0-data_2.48.0-1ubuntu4_all.deb 130932 MD5Sum:cd05c09e2c952962471e30c120e0ce67
'http://archive.ubuntu.com/ubuntu/pool/main/i/icu/libicu55_55.1-7_amd64.deb' libicu55_55.1-7_amd64.deb 7643216 MD5Sum:3f7779e56b778365bbe94b60d9bd54e0
'http://archive.ubuntu.com/ubuntu/pool/main/libp/libpcap/libpcap0.8_1.7.4-2_amd64.deb' libpcap0.8_1.7.4-2_amd64.deb 116794 MD5Sum:6b4372b0840fada16f16ed4d97f32146
'http://archive.ubuntu.com/ubuntu/pool/main/p/pciutils/libpci3_3.3.1-1.1ubuntu1_amd64.deb' libpci3_1%3a3.3.1-1.1ubuntu1_amd64.deb 24306 MD5Sum:91a749be21454f994dbf5fe10b2a2849
'http://archive.ubuntu.com/ubuntu/pool/main/c/cyrus-sasl2/libsasl2-modules_2.1.26.dfsg1-14build1_amd64.deb' libsasl2-modules_2.1.26.dfsg1-14build1_amd64.deb 47526 MD5Sum:8fda866e5a4adfe40a1ffc15fac77542
'http://archive.ubuntu.com/ubuntu/pool/main/libx/libxml2/libxml2_2.9.3+dfsg1-1_amd64.deb' libxml2_2.9.3+dfsg1-1_amd64.deb 695586 MD5Sum:5e61d70fb70a99dd9b33f44c4488f8b7
'http://archive.ubuntu.com/ubuntu/pool/main/l/lsof/lsof_4.89+dfsg-0.1_amd64.deb' lsof_4.89+dfsg-0.1_amd64.deb 247530 MD5Sum:f0a5b2ccdb48295f9dc72c70f7d63af2
'http://archive.ubuntu.com/ubuntu/pool/main/m/mtr/mtr-tiny_0.86-1_amd64.deb' mtr-tiny_0.86-1_amd64.deb 38034 MD5Sum:df2fd973f7eb656d6c3224c8231e7413
'http://archive.ubuntu.com/ubuntu/pool/main/r/rsync/rsync_3.1.1-3ubuntu1_amd64.deb' rsync_3.1.1-3ubuntu1_amd64.deb 324680 MD5Sum:c856c6f0ced17498b62cd5222918e2e0
'http://archive.ubuntu.com/ubuntu/pool/main/s/shared-mime-info/shared-mime-info_1.5-2_amd64.deb' shared-mime-info_1.5-2_amd64.deb 405320 MD5Sum:7029ef683dbc885f893841918fdfb26b
'http://archive.ubuntu.com/ubuntu/pool/main/s/strace/strace_4.11-1ubuntu3_amd64.deb' strace_4.11-1ubuntu3_amd64.deb 179014 MD5Sum:2e63c248a3dc9e39e40371b5e7799381
'http://archive.ubuntu.com/ubuntu/pool/main/t/tcpdump/tcpdump_4.7.4-1ubuntu1_amd64.deb' tcpdump_4.7.4-1ubuntu1_amd64.deb 371264 MD5Sum:7819d2c336613e93b452071c961f98f0
'http://archive.ubuntu.com/ubuntu/pool/main/w/wget/wget_1.17.1-1ubuntu1_amd64.deb' wget_1.17.1-1ubuntu1_amd64.deb 296518 MD5Sum:f1f62d709110b2d8996bcbe4a90ba2f8
'http://archive.ubuntu.com/ubuntu/pool/main/x/xdg-user-dirs/xdg-user-dirs_0.15-2ubuntu6_amd64.deb' xdg-user-dirs_0.15-2ubuntu6_amd64.deb 61662 MD5Sum:6163ede9f0fd0a4498bbb563a950e231
'http://archive.ubuntu.com/ubuntu/pool/main/x/xml-core/xml-core_0.13+nmu2_all.deb' xml-core_0.13+nmu2_all.deb 23274 MD5Sum:1c3346c29931346fdfc60b64db3f502b
'http://archive.ubuntu.com/ubuntu/pool/main/a/aptitude/aptitude-common_0.7.4-2ubuntu2_all.deb' aptitude-common_0.7.4-2ubuntu2_all.deb 747112 MD5Sum:e793d5d435ce361954426e6c4404d1ef
'http://archive.ubuntu.com/ubuntu/pool/main/b/boost1.58/libboost-iostreams1.58.0_1.58.0+dfsg-5ubuntu3_amd64.deb' libboost-iostreams1.58.0_1.58.0+dfsg-5ubuntu3_amd64.deb 28848 MD5Sum:05d9d56592b5010e40c3b04d78eb10b0
'http://archive.ubuntu.com/ubuntu/pool/main/libs/libsigc++-2.0/libsigc++-2.0-0v5_2.6.2-1_amd64.deb' libsigc++-2.0-0v5_2.6.2-1_amd64.deb 11066 MD5Sum:df2d1c9390344c43ebb93daa72b4ca1e
'http://archive.ubuntu.com/ubuntu/pool/main/c/cwidget/libcwidget3v5_0.5.17-4ubuntu2_amd64.deb' libcwidget3v5_0.5.17-4ubuntu2_amd64.deb 291580 MD5Sum:fc088c2bfaa56439c9893f8c0d2e35f4
'http://archive.ubuntu.com/ubuntu/pool/main/x/xapian-core/libxapian22v5_1.2.22-2_amd64.deb' libxapian22v5_1.2.22-2_amd64.deb 588996 MD5Sum:d4e4bb3ee4c8a9a02295891aebed2372
'http://archive.ubuntu.com/ubuntu/pool/main/a/aptitude/aptitude_0.7.4-2ubuntu2_amd64.deb' aptitude_0.7.4-2ubuntu2_amd64.deb 1305852 MD5Sum:b8ebe7ea9893372ebfc8699cb79b398c
'http://archive.ubuntu.com/ubuntu/pool/main/b/bridge-utils/bridge-utils_1.5-9ubuntu1_amd64.deb' bridge-utils_1.5-9ubuntu1_amd64.deb 28610 MD5Sum:a81ea7f42da2e7a6c32b866681897ad4
'http://archive.ubuntu.com/ubuntu/pool/main/d/distro-info/distro-info_0.14build1_amd64.deb' distro-info_0.14build1_amd64.deb 20020 MD5Sum:6eb059fe6fdd41209ee358d6eb287900
'http://archive.ubuntu.com/ubuntu/pool/main/d/dns-root-data/dns-root-data_2015052300+h+1_all.deb' dns-root-data_2015052300+h+1_all.deb 15016 MD5Sum:8a4254096f265837cbe72fcded59fbe2
'http://archive.ubuntu.com/ubuntu/pool/main/libn/libnetfilter-conntrack/libnetfilter-conntrack3_1.0.5-1_amd64.deb' libnetfilter-conntrack3_1.0.5-1_amd64.deb 36634 MD5Sum:5e8111780975a00bf2dcebba1d8003f0
'http://archive.ubuntu.com/ubuntu/pool/main/d/dnsmasq/dnsmasq-base_2.75-1_amd64.deb' dnsmasq-base_2.75-1_amd64.deb 294570 MD5Sum:037c2c9deba7dc66ac9f378dc8c5973b
'http://archive.ubuntu.com/ubuntu/pool/main/c/cdrkit/genisoimage_1.1.11-3ubuntu1_amd64.deb' genisoimage_9%3a1.1.11-3ubuntu1_amd64.deb 315816 MD5Sum:20673dba71cb5fafd4a83a2a653e9327
'http://archive.ubuntu.com/ubuntu/pool/main/libe/liberror-perl/liberror-perl_0.17-1.2_all.deb' liberror-perl_0.17-1.2_all.deb 19594 MD5Sum:bd1a8035bbfae2cd7d718f54fd93e0d5
'http://archive.ubuntu.com/ubuntu/pool/main/g/git/git-man_2.7.4-0ubuntu1_all.deb' git-man_1%3a2.7.4-0ubuntu1_all.deb 734758 MD5Sum:0c00ac0f6cc7cc5b1b17f2e30ad44342
'http://archive.ubuntu.com/ubuntu/pool/main/g/git/git_2.7.4-0ubuntu1_amd64.deb' git_1%3a2.7.4-0ubuntu1_amd64.deb 3006120 MD5Sum:0412535c34d3f900629e9409ad73aead
'http://archive.ubuntu.com/ubuntu/pool/main/l/lm-sensors/libsensors4_3.4.0-2_amd64.deb' libsensors4_1%3a3.4.0-2_amd64.deb 28368 MD5Sum:0a1c220b2eff73c12d597c8fcb4915de
'http://archive.ubuntu.com/ubuntu/pool/main/n/net-snmp/libsnmp-base_5.7.3+dfsg-1ubuntu4_all.deb' libsnmp-base_5.7.3+dfsg-1ubuntu4_all.deb 224196 MD5Sum:8cd47b0c3fa66c0905ac0ea67f9327e8
'http://archive.ubuntu.com/ubuntu/pool/main/n/net-snmp/libsnmp30_5.7.3+dfsg-1ubuntu4_amd64.deb' libsnmp30_5.7.3+dfsg-1ubuntu4_amd64.deb 812948 MD5Sum:0dda1ab3a22f1b519caa917bb883ecf6
'http://archive.ubuntu.com/ubuntu/pool/universe/i/ifstat/ifstat_1.1-8build1_amd64.deb' ifstat_1.1-8build1_amd64.deb 23128 MD5Sum:21f52abb6b88fa9856a2f622fc1aa2eb
'http://archive.ubuntu.com/ubuntu/pool/main/j/javascript-common/javascript-common_11_all.deb' javascript-common_11_all.deb 6066 MD5Sum:97257c1c7151131cd487ee09bbb1b653
'http://archive.ubuntu.com/ubuntu/pool/main/liba/libaio/libaio1_0.3.110-2_amd64.deb' libaio1_0.3.110-2_amd64.deb 6356 MD5Sum:2ed968780e68742f43eddebadf82ff67
'http://archive.ubuntu.com/ubuntu/pool/main/b/boost1.58/libboost-system1.58.0_1.58.0+dfsg-5ubuntu3_amd64.deb' libboost-system1.58.0_1.58.0+dfsg-5ubuntu3_amd64.deb 9038 MD5Sum:04ab5f68c553e5ff074e445a315c2b68
'http://archive.ubuntu.com/ubuntu/pool/main/b/boost1.58/libboost-random1.58.0_1.58.0+dfsg-5ubuntu3_amd64.deb' libboost-random1.58.0_1.58.0+dfsg-5ubuntu3_amd64.deb 11672 MD5Sum:09d023f7490fee672425c573784f4d66
'http://archive.ubuntu.com/ubuntu/pool/main/b/boost1.58/libboost-thread1.58.0_1.58.0+dfsg-5ubuntu3_amd64.deb' libboost-thread1.58.0_1.58.0+dfsg-5ubuntu3_amd64.deb 47010 MD5Sum:befe9659a4f9ec33e393c7ebab73c629
'http://archive.ubuntu.com/ubuntu/pool/main/libh/libhtml-tagset-perl/libhtml-tagset-perl_3.20-2_all.deb' libhtml-tagset-perl_3.20-2_all.deb 13536 MD5Sum:86862a4ac995db738fcfd012275fc3a7
'http://archive.ubuntu.com/ubuntu/pool/main/libu/liburi-perl/liburi-perl_1.71-1_all.deb' liburi-perl_1.71-1_all.deb 76914 MD5Sum:678ed7bb65c65b03ba474302e61b9c26
'http://archive.ubuntu.com/ubuntu/pool/main/libh/libhtml-parser-perl/libhtml-parser-perl_3.72-1_amd64.deb' libhtml-parser-perl_3.72-1_amd64.deb 86074 MD5Sum:4a25b0a4982ecd3c565068092ee05929
'http://archive.ubuntu.com/ubuntu/pool/main/libc/libcgi-pm-perl/libcgi-pm-perl_4.26-1_all.deb' libcgi-pm-perl_4.26-1_all.deb 185342 MD5Sum:35af54e6152958ca1adf97aeb861004a
'http://archive.ubuntu.com/ubuntu/pool/main/libf/libfcgi-perl/libfcgi-perl_0.77-1build1_amd64.deb' libfcgi-perl_0.77-1build1_amd64.deb 32254 MD5Sum:51c5a6deace976ebab72578ac38f4e0b
'http://archive.ubuntu.com/ubuntu/pool/main/libc/libcgi-fast-perl/libcgi-fast-perl_2.10-1_all.deb' libcgi-fast-perl_1%3a2.10-1_all.deb 10176 MD5Sum:5c7f26b1cfb83525bb6acc3e61ab5b80
'http://archive.ubuntu.com/ubuntu/pool/main/libs/libsub-name-perl/libsub-name-perl_0.14-1build1_amd64.deb' libsub-name-perl_0.14-1build1_amd64.deb 10772 MD5Sum:06c5c39f6fb5c4ba25924eb515f4c872
'http://archive.ubuntu.com/ubuntu/pool/main/libc/libclass-accessor-perl/libclass-accessor-perl_0.34-1_all.deb' libclass-accessor-perl_0.34-1_all.deb 26038 MD5Sum:b8dc3f1734b92b8ccd6e9ba464ca42c0
'http://archive.ubuntu.com/ubuntu/pool/main/libe/libencode-locale-perl/libencode-locale-perl_1.05-1_all.deb' libencode-locale-perl_1.05-1_all.deb 12274 MD5Sum:452574a48a280b12e98799dcef3980c1
'http://archive.ubuntu.com/ubuntu/pool/main/libt/libtimedate-perl/libtimedate-perl_2.3000-2_all.deb' libtimedate-perl_2.3000-2_all.deb 37492 MD5Sum:709c24baede0981e7f3cfb96e8ee0229
'http://archive.ubuntu.com/ubuntu/pool/main/libh/libhttp-date-perl/libhttp-date-perl_6.02-1_all.deb' libhttp-date-perl_6.02-1_all.deb 10392 MD5Sum:3aee8ce5ae257f3dfea03d2127dfc845
'http://archive.ubuntu.com/ubuntu/pool/main/libi/libio-html-perl/libio-html-perl_1.001-1_all.deb' libio-html-perl_1.001-1_all.deb 14860 MD5Sum:b7b08a166142d14afdde49aca8e0f513
'http://archive.ubuntu.com/ubuntu/pool/main/libl/liblwp-mediatypes-perl/liblwp-mediatypes-perl_6.02-1_all.deb' liblwp-mediatypes-perl_6.02-1_all.deb 21690 MD5Sum:654e7f05d341f4a859799eec9538b2c0
'http://archive.ubuntu.com/ubuntu/pool/main/libh/libhttp-message-perl/libhttp-message-perl_6.11-1_all.deb' libhttp-message-perl_6.11-1_all.deb 74276 MD5Sum:91539b56b83117ec6238c002dc8b1631
'http://archive.ubuntu.com/ubuntu/pool/main/libi/libio-string-perl/libio-string-perl_1.08-3_all.deb' libio-string-perl_1.08-3_all.deb 11124 MD5Sum:0ac0244ea24f2c5681005aa95e0c8318
'http://archive.ubuntu.com/ubuntu/pool/main/j/jquery/libjs-jquery_1.11.3+dfsg-4_all.deb' libjs-jquery_1.11.3+dfsg-4_all.deb 161058 MD5Sum:fdb2ed1929b9bde9bb1eb53f67965e89
'http://archive.ubuntu.com/ubuntu/pool/main/l/lxc/lxc-common_2.0.1-0ubuntu1~16.04.1_amd64.deb' lxc-common_2.0.1-0ubuntu1~16.04.1_amd64.deb 27424 MD5Sum:5fa707a37b9b99b0ea9fcae1972cd9ee
'http://archive.ubuntu.com/ubuntu/pool/main/l/lxc/liblxc1_2.0.1-0ubuntu1~16.04.1_amd64.deb' liblxc1_2.0.1-0ubuntu1~16.04.1_amd64.deb 200178 MD5Sum:a100fe2a5eba33cf9c59c05618c752bd
'http://archive.ubuntu.com/ubuntu/pool/main/n/nspr/libnspr4_4.11-1ubuntu1_amd64.deb' libnspr4_2%3a4.11-1ubuntu1_amd64.deb 112314 MD5Sum:02602a27a26f8b4c22fb311f1f8ba982
'http://archive.ubuntu.com/ubuntu/pool/main/n/nss/libnss3-nssdb_3.21-1ubuntu4_all.deb' libnss3-nssdb_2%3a3.21-1ubuntu4_all.deb 10576 MD5Sum:90d762b17fb64846eea0cfb993b267e2
'http://archive.ubuntu.com/ubuntu/pool/main/n/nss/libnss3_3.21-1ubuntu4_amd64.deb' libnss3_2%3a3.21-1ubuntu4_amd64.deb 1128586 MD5Sum:1acbf49e563032de5a90806bc3b91f86
'http://archive.ubuntu.com/ubuntu/pool/main/l/lxcfs/libpam-cgfs_2.0.1-0ubuntu1~16.04.1_amd64.deb' libpam-cgfs_2.0.1-0ubuntu1~16.04.1_amd64.deb 9206 MD5Sum:0194a28c5b0013ac7bb772be61db5b58
'http://archive.ubuntu.com/ubuntu/pool/main/libp/libparse-debianchangelog-perl/libparse-debianchangelog-perl_1.2.0-8_all.deb' libparse-debianchangelog-perl_1.2.0-8_all.deb 50416 MD5Sum:61692f174a82c00478fe5c7a09e56e25
'http://archive.ubuntu.com/ubuntu/pool/main/c/ceph/librados2_10.2.0-0ubuntu0.16.04.1_amd64.deb' librados2_10.2.0-0ubuntu0.16.04.1_amd64.deb 1632682 MD5Sum:177ada127070eb7f4d50f0c1956a7ed1
'http://archive.ubuntu.com/ubuntu/pool/main/c/ceph/librbd1_10.2.0-0ubuntu0.16.04.1_amd64.deb' librbd1_10.2.0-0ubuntu0.16.04.1_amd64.deb 2072052 MD5Sum:3f91df45a0c7531e2e47dfd33dfb75da
'http://archive.ubuntu.com/ubuntu/pool/main/l/lxc/python3-lxc_2.0.1-0ubuntu1~16.04.1_amd64.deb' python3-lxc_2.0.1-0ubuntu1~16.04.1_amd64.deb 20114 MD5Sum:ee2a54f572f08a3b835c4e69d4bd7a94
'http://archive.ubuntu.com/ubuntu/pool/main/l/lxc/lxc1_2.0.1-0ubuntu1~16.04.1_amd64.deb' lxc1_2.0.1-0ubuntu1~16.04.1_amd64.deb 588096 MD5Sum:bb6baa78733bd7d2246bcec4c9420b2c
'http://archive.ubuntu.com/ubuntu/pool/main/l/lxc/lxc_2.0.1-0ubuntu1~16.04.1_all.deb' lxc_2.0.1-0ubuntu1~16.04.1_all.deb 3082 MD5Sum:c7dfabee3fbc4db01494fd1dcd5ffe27
'http://archive.ubuntu.com/ubuntu/pool/main/l/lxc/lxc-templates_2.0.1-0ubuntu1~16.04.1_amd64.deb' lxc-templates_2.0.1-0ubuntu1~16.04.1_amd64.deb 81666 MD5Sum:8692a3beb07d33befbd39d71fdd46c47
'http://archive.ubuntu.com/ubuntu/pool/main/l/lxcfs/lxcfs_2.0.1-0ubuntu1~16.04.1_amd64.deb' lxcfs_2.0.1-0ubuntu1~16.04.1_amd64.deb 34726 MD5Sum:1d6b0d238c24c1e21072a0fcf2494963
'http://archive.ubuntu.com/ubuntu/pool/main/p/patch/patch_2.7.5-1_amd64.deb' patch_2.7.5-1_amd64.deb 90382 MD5Sum:0c03555b50fc094f942a938e9efb33d8
'http://archive.ubuntu.com/ubuntu/pool/main/q/qemu/qemu-block-extra_2.5+dfsg-5ubuntu10.1_amd64.deb' qemu-block-extra_1%3a2.5+dfsg-5ubuntu10.1_amd64.deb 30914 MD5Sum:b7b4a880bf3570c4c489be3f4e1c09d3
'http://archive.ubuntu.com/ubuntu/pool/main/q/qemu/qemu-utils_2.5+dfsg-5ubuntu10.1_amd64.deb' qemu-utils_1%3a2.5+dfsg-5ubuntu10.1_amd64.deb 578968 MD5Sum:82293753a8d4ce7bed8d9e70cf0f048a
'http://archive.ubuntu.com/ubuntu/pool/main/r/rubygems-integration/rubygems-integration_1.10_all.deb' rubygems-integration_1.10_all.deb 4966 MD5Sum:e6b595bf80e9f5dab122cae61caf2e55
'http://archive.ubuntu.com/ubuntu/pool/main/r/ruby-did-you-mean/ruby-did-you-mean_1.0.0-2_all.deb' ruby-did-you-mean_1.0.0-2_all.deb 8390 MD5Sum:7a8649b4c07ae9ef560a6e7e2c9dac64
'http://archive.ubuntu.com/ubuntu/pool/main/r/ruby-minitest/ruby-minitest_5.8.4-2_all.deb' ruby-minitest_5.8.4-2_all.deb 36556 MD5Sum:1978b3f18ba28606bba4e7350b2c290b
'http://archive.ubuntu.com/ubuntu/pool/main/r/ruby-net-telnet/ruby-net-telnet_0.1.1-2_all.deb' ruby-net-telnet_0.1.1-2_all.deb 12596 MD5Sum:5dc506e0a9946ee774694500c114f79a
'http://archive.ubuntu.com/ubuntu/pool/main/r/ruby-power-assert/ruby-power-assert_0.2.7-1_all.deb' ruby-power-assert_0.2.7-1_all.deb 7668 MD5Sum:07f5f5f339cde15eaba389e0f085da7b
'http://archive.ubuntu.com/ubuntu/pool/main/r/ruby-test-unit/ruby-test-unit_3.1.7-2_all.deb' ruby-test-unit_3.1.7-2_all.deb 60324 MD5Sum:ec4ceee76999a85ec44b51dfd406a595
'http://archive.ubuntu.com/ubuntu/pool/main/r/ruby2.3/libruby2.3_2.3.0-5ubuntu1_amd64.deb' libruby2.3_2.3.0-5ubuntu1_amd64.deb 2963510 MD5Sum:a41c53efc1e506e949618109a4d5c45b
'http://archive.ubuntu.com/ubuntu/pool/main/r/ruby2.3/ruby2.3_2.3.0-5ubuntu1_amd64.deb' ruby2.3_2.3.0-5ubuntu1_amd64.deb 40860 MD5Sum:c8d1487159d9737fecab7e193f1c98a3
'http://archive.ubuntu.com/ubuntu/pool/main/r/ruby-defaults/ruby_2.3.0+1_all.deb' ruby_1%3a2.3.0+1_all.deb 5530 MD5Sum:da532a3b540c86b75e53271dcc5e9084
'http://archive.ubuntu.com/ubuntu/pool/main/r/rake/rake_10.5.0-2_all.deb' rake_10.5.0-2_all.deb 48238 MD5Sum:909b66a955640b5ecd22ceb3d9dadde6
'http://archive.ubuntu.com/ubuntu/pool/main/r/rename/rename_0.20-4_all.deb' rename_0.20-4_all.deb 12010 MD5Sum:6cf1938ef51145a469ccef181a9304ce
'http://archive.ubuntu.com/ubuntu/pool/main/s/sharutils/sharutils_4.15.2-1_amd64.deb' sharutils_1%3a4.15.2-1_amd64.deb 148320 MD5Sum:82eebb19d70fcb9fe029b7e34407bea9
'http://archive.ubuntu.com/ubuntu/pool/universe/t/traceroute/traceroute_2.0.21-1_amd64.deb' traceroute_1%3a2.0.21-1_amd64.deb 45488 MD5Sum:f30973d7576d208ebb7d30d0afde2347
'http://archive.ubuntu.com/ubuntu/pool/main/s/shadow/uidmap_4.2-3.1ubuntu5_amd64.deb' uidmap_1%3a4.2-3.1ubuntu5_amd64.deb 65928 MD5Sum:39b7421ccded1934d418fdffc46801d8
'http://archive.ubuntu.com/ubuntu/pool/universe/u/ulogd2/ulogd2_2.0.5-2build1_amd64.deb' ulogd2_2.0.5-2build1_amd64.deb 108508 MD5Sum:18a589f57bb00e1a73fa6f1cd3d57bc8
'http://archive.ubuntu.com/ubuntu/pool/main/u/unzip/unzip_6.0-20ubuntu1_amd64.deb' unzip_6.0-20ubuntu1_amd64.deb 158434 MD5Sum:059c9f15163425d4c5f818e2ad599597
'http://archive.ubuntu.com/ubuntu/pool/main/x/xz-utils/xz-utils_5.1.1alpha+20120614-2ubuntu2_amd64.deb' xz-utils_5.1.1alpha+20120614-2ubuntu2_amd64.deb 78794 MD5Sum:195995c093404e3ee766d04ea3cdffe6
'http://archive.ubuntu.com/ubuntu/pool/main/z/zip/zip_3.0-11_amd64.deb' zip_3.0-11_amd64.deb 158164 MD5Sum:863c44a05d3ba30c77285b8f53927913
'http://archive.ubuntu.com/ubuntu/pool/main/c/cloud-utils/cloud-image-utils_0.27-0ubuntu24_all.deb' cloud-image-utils_0.27-0ubuntu24_all.deb 15782 MD5Sum:bd62edaefc01b090c5952c4e290003c1
'http://archive.ubuntu.com/ubuntu/pool/main/d/debootstrap/debootstrap_1.0.78+nmu1ubuntu1.1_all.deb' debootstrap_1.0.78+nmu1ubuntu1.1_all.deb 35668 MD5Sum:37c8f91c252435033d6f5d75ba10bd72
'http://archive.ubuntu.com/ubuntu/pool/main/v/vlan/vlan_1.9-3.2ubuntu1_amd64.deb' vlan_1.9-3.2ubuntu1_amd64.deb 30558 MD5Sum:4c6029fff27b470f4a486e5ab46d6037
